[127.0.0.1/wordpress/index.html]
[backblue.gif]
[fade.gif]
[index.html]
[127.0.0.1/wordpress/wp-includes/css/dist/block-library/style.min5697.css]
[127.0.0.1/wordpress/wp-includes/css/dist/block-library/theme.min5697.css]
[127.0.0.1/wordpress/feed/index.html]
[127.0.0.1/wordpress/comments/feed/index.html]
[127.0.0.1/wordpress/wp-content/plugins/contact-form-7/includes/css/stylesde54.css]
[127.0.0.1/wordpress/wp-content/themes/oceanwp/assets/fonts/fontawesome/css/all.minaec5.css]
[127.0.0.1/wordpress/wp-content/themes/oceanwp/assets/css/third/simple-line-icons.min8d5a.css]
[127.0.0.1/wordpress/wp-content/themes/oceanwp/assets/css/third/magnific-popup.min8a54.css]
[127.0.0.1/wordpress/wp-content/themes/oceanwp/assets/css/third/slick.minaff7.css]
[127.0.0.1/wordpress/wp-content/themes/oceanwp/assets/css/style.min8162.css]
[127.0.0.1/wordpress/wp-content/plugins/elementor/assets/lib/eicons/css/elementor-icons.min74e5.css]
[127.0.0.1/wordpress/wp-content/plugins/elementor/assets/lib/animations/animations.min2a45.css]
[127.0.0.1/wordpress/wp-content/plugins/elementor/assets/css/frontend-legacy.min2a45.css]
[127.0.0.1/wordpress/wp-content/plugins/elementor/assets/css/frontend.min2a45.css]
[127.0.0.1/wordpress/wp-content/uploads/elementor/css/post-742834.css]
[127.0.0.1/wordpress/wp-content/uploads/elementor/css/global0c74.css]
[127.0.0.1/wordpress/wp-content/uploads/elementor/css/post-72a002.css]
[127.0.0.1/wordpress/wp-content/plugins/ocean-extra/assets/css/widgets5697.css]
[127.0.0.1/wordpress/wp-content/plugins/elementor/assets/lib/font-awesome/css/fontawesome.minb683.css]
[127.0.0.1/wordpress/wp-content/plugins/elementor/assets/lib/font-awesome/css/brands.minb683.css]
[127.0.0.1/wordpress/wp-content/plugins/elementor/assets/lib/font-awesome/css/solid.minb683.css]
[127.0.0.1/wordpress/wp-json/wp/v2/pages/72.json]
[127.0.0.1/wordpress/wp-json/index.html]
[127.0.0.1/wordpress/xmlrpc0db0.php]
[127.0.0.1/wordpress/wp-includes/wlwmanifest.xml]
[127.0.0.1/wordpress/wp-json/oembed/1.0/embedea0a.json]
[127.0.0.1/wordpress/wp-includes/js/jquery/jquery4a5f.js]
[127.0.0.1/wordpress/wp-json/oembed/1.0/embed7859]
[127.0.0.1/wordpress/wp-content/uploads/2020/11/cropped-logo.png]
[127.0.0.1/wordpress/wp-content/uploads/2020/11/pexels-pixabay-159211-768x512.jpg]
[127.0.0.1/wordpress/wp-content/plugins/contact-form-7/includes/js/scriptsde54.js]
[127.0.0.1/wordpress/wp-content/plugins/mystickymenu/js/detectmobilebrowser3575.js]
[127.0.0.1/wordpress/team/index.html]
[127.0.0.1/wordpress/wp-content/plugins/mystickymenu/js/mystickymenu.min3575.js]
[127.0.0.1/wordpress/research/index.html]
[127.0.0.1/wordpress/download/index.html]
[127.0.0.1/wordpress/tutorial/index.html]
[127.0.0.1/wordpress/wp-includes/js/imagesloaded.mineda1.js]
[127.0.0.1/wordpress/pain2d-tablet/index.html]
[127.0.0.1/wordpress/pain2d-tool/index.html]
[127.0.0.1/wordpress/pain2d-designer/index.html]
[127.0.0.1/wordpress/wp-content/themes/oceanwp/assets/js/third/lightbox.min8162.js]
[127.0.0.1/wordpress/wp-content/themes/oceanwp/assets/js/third/magnific-popup.min8162.js]
[127.0.0.1/wordpress/wp-includes/js/wp-embed.min5697.js]
[127.0.0.1/wordpress/wp-includes/js/jquery/ui/position.mine899.js]
[127.0.0.1/wordpress/wp-content/plugins/elementor/assets/lib/dialog/dialog.mina288.js]
[127.0.0.1/wordpress/wp-content/plugins/elementor/assets/lib/waypoints/waypoints.min05da.js]
[127.0.0.1/wordpress/wp-content/plugins/elementor/assets/js/frontend-modules.min2a45.js]
[127.0.0.1/wordpress/wp-content/plugins/elementor/assets/lib/share-link/share-link.min2a45.js]
[127.0.0.1/wordpress/index.html]
[127.0.0.1/wordpress/wp-includes/css/dist/block-library/style.min5697.css]
[127.0.0.1/wordpress/wp-includes/css/dist/block-library/theme.min5697.css]
[127.0.0.1/wordpress/wp-content/plugins/contact-form-7/assets/ajax-loader.gif]
[127.0.0.1/wordpress/wp-content/themes/oceanwp/assets/js/main.min8162.js]
[127.0.0.1/wordpress/wp-content/plugins/contact-form-7/includes/css/stylesde54.css]
[127.0.0.1/wordpress/wp-content/themes/oceanwp/assets/fonts/fontawesome/webfonts/fa-brands-400.eot]
[127.0.0.1/wordpress/wp-content/themes/oceanwp/assets/fonts/fontawesome/webfonts/fa-brands-400.woff2]
[127.0.0.1/wordpress/wp-content/plugins/elementor/assets/lib/swiper/swiper.min48f5.js]
[127.0.0.1/wordpress/wp-content/themes/oceanwp/assets/fonts/fontawesome/webfonts/fa-brands-400.woff]
[127.0.0.1/wordpress/wp-content/plugins/elementor/assets/js/frontend.min2a45.js]
[127.0.0.1/wordpress/wp-content/themes/oceanwp/assets/fonts/fontawesome/webfonts/fa-brands-400d41d.eot]
[127.0.0.1/wordpress/wp-content/themes/oceanwp/assets/fonts/fontawesome/webfonts/fa-brands-400.ttf]
[127.0.0.1/wordpress/wp-content/themes/oceanwp/assets/fonts/fontawesome/webfonts/fa-regular-400.eot]
[127.0.0.1/wordpress/wp-content/themes/oceanwp/assets/fonts/fontawesome/webfonts/fa-regular-400.woff2]
[127.0.0.1/wordpress/wp-content/themes/oceanwp/assets/fonts/fontawesome/webfonts/fa-regular-400d41d.eot]
[127.0.0.1/wordpress/wp-content/themes/oceanwp/assets/fonts/fontawesome/webfonts/fa-regular-400.woff]
[127.0.0.1/wordpress/wp-content/themes/oceanwp/assets/fonts/fontawesome/webfonts/fa-regular-400.ttf]
[127.0.0.1/wordpress/wp-content/themes/oceanwp/assets/fonts/fontawesome/webfonts/fa-solid-900.eot]
[127.0.0.1/wordpress/wp-content/themes/oceanwp/assets/fonts/fontawesome/webfonts/fa-solid-900.woff2]
[127.0.0.1/wordpress/wp-content/themes/oceanwp/assets/fonts/fontawesome/webfonts/fa-solid-900d41d.eot]
[127.0.0.1/wordpress/wp-content/themes/oceanwp/assets/fonts/fontawesome/webfonts/fa-solid-900.woff]
[127.0.0.1/wordpress/wp-content/themes/oceanwp/assets/fonts/fontawesome/webfonts/fa-solid-900.ttf]
[127.0.0.1/wordpress/wp-content/themes/oceanwp/assets/fonts/fontawesome/css/all.minaec5.css]
[127.0.0.1/wordpress/wp-content/themes/oceanwp/assets/fonts/simple-line-icons/Simple-Line-Iconsb26c.eot]
[127.0.0.1/wordpress/wp-content/themes/oceanwp/assets/fonts/simple-line-icons/Simple-Line-Iconsb26c.woff2]
[127.0.0.1/wordpress/wp-content/themes/oceanwp/assets/fonts/simple-line-icons/Simple-Line-Iconsb26c.ttf]
[127.0.0.1/wordpress/wp-content/themes/oceanwp/assets/fonts/simple-line-icons/Simple-Line-Iconsb26c.woff]
[127.0.0.1/wordpress/wp-content/themes/oceanwp/assets/css/third/simple-line-icons.min8d5a.css]
[127.0.0.1/wordpress/wp-content/themes/oceanwp/assets/css/third/magnific-popup.min8a54.css]
[127.0.0.1/wordpress/wp-content/themes/oceanwp/assets/fonts/slick/slick.eot]
[127.0.0.1/wordpress/wp-content/themes/oceanwp/assets/fonts/slick/slickd41d.eot]
[127.0.0.1/wordpress/wp-content/themes/oceanwp/assets/fonts/slick/slick.woff]
[127.0.0.1/wordpress/wp-content/themes/oceanwp/assets/fonts/slick/slick.ttf]
[127.0.0.1/wordpress/wp-content/themes/oceanwp/assets/css/third/slick.minaff7.css]
[127.0.0.1/wordpress/wp-content/themes/oceanwp/assets/css/style.min8162.css]
[127.0.0.1/wordpress/wp-content/plugins/elementor/assets/lib/eicons/fonts/eiconsc2cd.eot]
[127.0.0.1/wordpress/wp-content/plugins/elementor/assets/lib/eicons/fonts/eiconsc2cd.woff2]
[127.0.0.1/wordpress/wp-content/plugins/elementor/assets/lib/eicons/fonts/eiconsc2cd.woff]
[127.0.0.1/wordpress/wp-content/plugins/elementor/assets/lib/eicons/fonts/eiconsc2cd.ttf]
[127.0.0.1/wordpress/wp-content/plugins/elementor/assets/lib/eicons/css/elementor-icons.min74e5.css]
[127.0.0.1/wordpress/wp-content/plugins/elementor/assets/lib/animations/animations.min2a45.css]
[127.0.0.1/wordpress/wp-content/plugins/elementor/assets/css/frontend-legacy.min2a45.css]
[127.0.0.1/wordpress/wp-content/plugins/elementor/assets/css/frontend.min2a45.css]
[127.0.0.1/wordpress/wp-content/uploads/elementor/css/post-742834.css]
[127.0.0.1/wordpress/wp-content/uploads/elementor/css/global0c74.css]
[127.0.0.1/wordpress/wp-content/uploads/2020/11/pexels-andrea-piacquadio-3808057.png]
[127.0.0.1/wordpress/wp-content/uploads/2020/11/tablet-scaled.jpg]
[127.0.0.1/wordpress/wp-content/uploads/2020/11/tool-scaled.jpg]
[127.0.0.1/wordpress/wp-content/uploads/2020/11/designer-scaled.jpg]
[127.0.0.1/wordpress/wp-content/uploads/elementor/css/post-72a002.css]
[127.0.0.1/wordpress/wp-content/plugins/ocean-extra/assets/img/instagram-logo.png]
[127.0.0.1/wordpress/wp-content/plugins/ocean-extra/assets/img/flickr.png]
[127.0.0.1/wordpress/wp-content/plugins/ocean-extra/assets/css/widgets5697.css]
[127.0.0.1/wordpress/wp-content/plugins/elementor/assets/lib/font-awesome/css/fontawesome.minb683.css]
[127.0.0.1/wordpress/wp-content/plugins/elementor/assets/lib/font-awesome/webfonts/fa-brands-400.eot]
[127.0.0.1/wordpress/wp-content/plugins/elementor/assets/lib/font-awesome/webfonts/fa-brands-400.woff2]
[127.0.0.1/wordpress/wp-content/plugins/elementor/assets/lib/font-awesome/webfonts/fa-brands-400d41d.eot]
[127.0.0.1/wordpress/wp-content/plugins/elementor/assets/lib/font-awesome/webfonts/fa-brands-400.woff]
[127.0.0.1/wordpress/wp-content/plugins/elementor/assets/lib/font-awesome/webfonts/fa-brands-400.ttf]
[127.0.0.1/wordpress/wp-content/plugins/elementor/assets/lib/font-awesome/css/brands.minb683.css]
[127.0.0.1/wordpress/wp-content/plugins/elementor/assets/lib/font-awesome/webfonts/fa-solid-900.eot]
[127.0.0.1/wordpress/wp-content/plugins/elementor/assets/lib/font-awesome/webfonts/fa-solid-900.woff2]
[127.0.0.1/wordpress/wp-content/plugins/elementor/assets/lib/font-awesome/webfonts/fa-solid-900d41d.eot]
[127.0.0.1/wordpress/wp-content/plugins/elementor/assets/lib/font-awesome/webfonts/fa-solid-900.woff]
[127.0.0.1/wordpress/wp-content/plugins/elementor/assets/lib/font-awesome/webfonts/fa-solid-900.ttf]
[127.0.0.1/wordpress/wp-content/plugins/elementor/assets/lib/font-awesome/css/solid.minb683.css]
[127.0.0.1/wordpress/wp-content/uploads/elementor/css/post-75096b.css]
[127.0.0.1/wordpress/wp-json/wp/v2/pages/75.json]
[127.0.0.1/wordpress/wp-json/oembed/1.0/embedc3da.json]
[127.0.0.1/wordpress/wp-json/oembed/1.0/embed7a47]
[127.0.0.1/wordpress/wp-content/plugins/elementor/assets/images/placeholder.png]
[127.0.0.1/wordpress/team/index.html]
[127.0.0.1/wordpress/wp-content/uploads/elementor/css/post-2171890.css]
[127.0.0.1/wordpress/wp-json/wp/v2/pages/217.json]
[127.0.0.1/wordpress/wp-json/oembed/1.0/embedb6f6.json]
[127.0.0.1/wordpress/research/index.html]
[127.0.0.1/wordpress/wp-json/oembed/1.0/embed68c3]
[127.0.0.1/wordpress/wp-content/uploads/elementor/css/post-2112bb4.css]
[127.0.0.1/wordpress/wp-json/wp/v2/pages/211.json]
[127.0.0.1/wordpress/wp-json/oembed/1.0/embed29fd.json]
[127.0.0.1/wordpress/wp-json/oembed/1.0/embed93dc]
[127.0.0.1/wordpress/wp-content/uploads/2020/11/uiRR-768x392.png]
[127.0.0.1/wordpress/wp-content/uploads/2020/11/seit-768x397.jpg]
[127.0.0.1/wordpress/tutorial/index.html]
[127.0.0.1/wordpress/pain2d-tablet-tutorial/index.html]
[127.0.0.1/wordpress/pain2d-tool-tutorial/index.html]
[127.0.0.1/wordpress/pain2d-designer-tutorial/index.html]
[127.0.0.1/wordpress/wp-content/uploads/elementor/css/post-2535e4d.css]
[127.0.0.1/wordpress/wp-json/wp/v2/pages/253.json]
[127.0.0.1/wordpress/wp-json/oembed/1.0/embed4c26.json]
[127.0.0.1/wordpress/download/index.html]
[127.0.0.1/wordpress/wp-json/oembed/1.0/embeddf79]
[127.0.0.1/wordpress/wp-content/uploads/elementor/css/post-1651ffb.css]
[127.0.0.1/wordpress/wp-json/wp/v2/pages/165.json]
[127.0.0.1/wordpress/wp-json/oembed/1.0/embed58df.json]
[127.0.0.1/wordpress/wp-json/oembed/1.0/embed138c]
[127.0.0.1/wordpress/pain2d-tablet/index.html]
[127.0.0.1/wordpress/wp-content/uploads/elementor/css/post-291f239.css]
[127.0.0.1/wordpress/wp-json/wp/v2/pages/291.json]
[127.0.0.1/wordpress/wp-json/oembed/1.0/embed0293.json]
[127.0.0.1/wordpress/wp-json/oembed/1.0/embedf6fc]
[127.0.0.1/wordpress/pain2d-tool/index.html]
[127.0.0.1/wordpress/wp-content/uploads/elementor/css/post-3022b46.css]
[127.0.0.1/wordpress/wp-json/wp/v2/pages/302.json]
[127.0.0.1/wordpress/wp-json/oembed/1.0/embed9ef7.json]
[127.0.0.1/wordpress/wp-json/oembed/1.0/embed5314]
[127.0.0.1/wordpress/pain2d-designer/index.html]
[127.0.0.1/wordpress/wp-content/themes/oceanwp/assets/fonts/fontawesome/webfonts/fa-brands-400.svg]
[127.0.0.1/wordpress/wp-content/themes/oceanwp/assets/fonts/fontawesome/webfonts/fa-regular-400.svg]
[127.0.0.1/wordpress/wp-content/themes/oceanwp/assets/fonts/fontawesome/webfonts/fa-solid-900.svg]
[127.0.0.1/wordpress/wp-content/themes/oceanwp/assets/fonts/simple-line-icons/Simple-Line-Iconsb26c.svg]
[127.0.0.1/wordpress/wp-content/themes/oceanwp/assets/fonts/slick/slick.svg]
[127.0.0.1/wordpress/wp-content/plugins/elementor/assets/lib/eicons/fonts/eiconsc2cd.svg]
[127.0.0.1/wordpress/wp-content/plugins/elementor/assets/lib/font-awesome/webfonts/fa-brands-400.svg]
[127.0.0.1/wordpress/wp-content/plugins/elementor/assets/lib/font-awesome/webfonts/fa-solid-900.svg]
[127.0.0.1/wordpress/wp-content/uploads/2020/11/team-scaled.jpg]
[127.0.0.1/wordpress/wp-content/uploads/elementor/css/post-75096b.css]
[127.0.0.1/wordpress/indexe839.html]
[127.0.0.1/wordpress/wp-content/uploads/2020/11/research-scaled.jpg]
[127.0.0.1/wordpress/wp-content/uploads/elementor/css/post-2171890.css]
[127.0.0.1/wordpress/indexc094.html]
[127.0.0.1/wordpress/wp-content/uploads/2020/11/tutorial-scaled.jpg]
[127.0.0.1/wordpress/wp-content/uploads/elementor/css/post-2112bb4.css]
[127.0.0.1/wordpress/index0114.html]
[127.0.0.1/wordpress/wp-content/uploads/elementor/css/post-3256246.css]
[127.0.0.1/wordpress/wp-json/wp/v2/pages/325.json]
[127.0.0.1/wordpress/wp-json/oembed/1.0/embed087f.json]
[127.0.0.1/wordpress/pain2d-tablet-tutorial/index.html]
[127.0.0.1/wordpress/wp-json/oembed/1.0/embeda105]
[127.0.0.1/wordpress/wp-content/uploads/elementor/css/post-3349f00.css]
[127.0.0.1/wordpress/wp-json/wp/v2/pages/334.json]
[127.0.0.1/wordpress/wp-json/oembed/1.0/embed53a8.json]
[127.0.0.1/wordpress/wp-json/oembed/1.0/embed17f6]
[127.0.0.1/wordpress/pain2d-tool-tutorial/index.html]
[127.0.0.1/wordpress/wp-content/uploads/elementor/css/post-366a167.css]
[127.0.0.1/wordpress/wp-json/wp/v2/pages/366.json]
[127.0.0.1/wordpress/wp-json/oembed/1.0/embed240d.json]
[127.0.0.1/wordpress/wp-json/oembed/1.0/embed3eb6]
[127.0.0.1/wordpress/pain2d-designer-tutorial/index.html]
[127.0.0.1/wordpress/wp-content/uploads/2020/11/download-scaled.jpg]
[127.0.0.1/wordpress/wp-content/uploads/elementor/css/post-2535e4d.css]
[127.0.0.1/wordpress/index5ed0.html]
[127.0.0.1/wordpress/wp-content/uploads/elementor/css/post-1651ffb.css]
[127.0.0.1/wordpress/index17d5.html]
[127.0.0.1/wordpress/wp-content/uploads/elementor/css/post-291f239.css]
[127.0.0.1/wordpress/index820e.html]
[127.0.0.1/wordpress/wp-content/uploads/elementor/css/post-3022b46.css]
[127.0.0.1/wordpress/index52e8.html]
[127.0.0.1/wordpress/wp-content/uploads/elementor/css/post-3256246.css]
[127.0.0.1/wordpress/indexf175.html]
[127.0.0.1/wordpress/wp-content/uploads/elementor/css/post-3349f00.css]
[127.0.0.1/wordpress/indexd06c.html]
[127.0.0.1/wordpress/wp-content/uploads/elementor/css/post-366a167.css]
[127.0.0.1/wordpress/index7aa0.html]
