[pain2d799069443.wordpress.com/index.html]
[backblue.gif]
[fade.gif]
[index.html]
[s1.wp.com/_static/indexba1f.html]
[s1.wp.com/wp-content/themes/pub/varia/print9298.css]
[s1.wp.com/wp-content/themes/pub/hever/stylef7f9.css]
[pain2d799069443.wordpress.com/feed/index.html]
[pain2d799069443.wordpress.com/comments/feed/index.html]
[pain2d799069443.wordpress.com/xmlrpc0db0.php]
[s2.wp.com/_static/index1b73.html]
[s2.wp.com/i/webclip.png]
[pain2d799069443.wordpress.com/osd.xml]
[pain2d799069443.files.wordpress.com/2020/11/qi-bin-w4hbafegiac-unsplash.jpg]
[0.gravatar.com/js/gprofiles6b4e.js]
[pain2d799069443.wordpress.com/about/index.html]
[pain2d799069443.wordpress.com/blog/index.html]
[s1.wp.com/wp-content/mu-plugins/gravatar-hovercards/wpgrohoc3b6.js]
[pain2d799069443.wordpress.com/2020/11/01/example-post-2/index.html]
[pain2d799069443.wordpress.com/2020/11/01/example-post-3/index.html]
[pain2d799069443.wordpress.com/contact/index.html]
[s0.wp.com/wp-content/mu-plugins/actionbar/actionbar61ea.css]
[pain2d799069443.wordpress.com/2020/11/01/example-post/index.html]
[s0.wp.com/wp-content/mu-plugins/actionbar/actionbar61ea.js]
[s0.wp.com/wp-includes/js/dist/vendor/wp-polyfill-fetch.min9853.js]
[s1.wp.com/wp-includes/js/dist/vendor/wp-polyfill-node-contains.minf99f.js]
[s0.wp.com/wp-includes/js/dist/vendor/wp-polyfill-dom-rect.min9c36.js]
[s2.wp.com/wp-includes/js/dist/vendor/wp-polyfill-url.min67f7.js]
[s1.wp.com/wp-includes/js/dist/vendor/wp-polyfill-formdata.min52a8.js]
[s2.wp.com/wp-includes/js/dist/vendor/wp-polyfill-element-closest.min5eac.js]
[stats.wp.com/w7f39.js]
[pain2d799069443.wordpress.com/wp-content/plugins/ie-sitemode/custom-jumplist.php]
[pixel.wp.com/b0b80.gif]
[pain2d799069443.wordpress.com/index.html]
[s1.wp.com/_static/indexba1f.html]
[s1.wp.com/wp-content/themes/pub/varia/print9298.css]
[s1.wp.com/wp-content/themes/pub/hever/stylef7f9.css]
[pain2d799069443.wordpress.com/blog/index.html]
[s2.wp.com/_static/index6f89.html]
[pain2d799069443.files.wordpress.com/2020/11/rachel-pfuetzner-0fn7fxv1ewa-unsplash.jpg]
[pain2d799069443.wordpress.com/about/index.html]
[pain2d799069443.wordpress.com/author/kjensenviva/index.html]
[s2.wp.com/_static/index8020.html]
[s2.wp.com/_static/index24b3.html]
[pain2d799069443.wordpress.com/contact/index.html]
[s0.wp.com/wp-content/js/bilmur.min1c01.js]
[s0.wp.com/_static/indexbcb0.html]
[s0.wp.com/wp-content/mu-plugins/highlander-comments/style6f5b.css]
[pain2d799069443.wordpress.com/2020/11/01/example-post-3/feed/index.html]
[pain2d799069443.wordpress.com/2020/11/01/example-post-3/index.html]
[pain2d799069443.wordpress.com/2020/11/01/example-post-2/index.html]
[pain2d799069443.wordpress.com/2020/11/01/example-post/index.html]
[s0.wp.com/_static/indexa85c.html]
[s0.wp.com/wp-content/mu-plugins/actionbar/actionbar61ea.css]
[pain2d799069443.wordpress.com/category/allgemein/index.html]
[pain2d799069443.wordpress.com/2020/11/01/example-post-2/feed/index.html]
[pain2d799069443.wordpress.com/2020/11/01/example-post-3/amp/index.html]
[pain2d799069443.wordpress.com/2020/11/01/example-post/feed/index.html]
[pain2d799069443.wordpress.com/2020/11/01/example-post-2/amp/index.html]
[pain2d799069443.wordpress.com/author/kjensenviva/index.html]
[s2.wp.com/_static/index8020.html]
[s0.wp.com/wp-content/themes/h4/global21a2.css]
[pain2d799069443.wordpress.com/author/kjensenviva/feed/index.html]
[pain2d799069443.wordpress.com/2020/11/01/example-post/amp/index.html]
[s2.wp.com/wp-content/mu-plugins/carousel/images/arrows.png]
[s2.wp.com/wp-content/mu-plugins/carousel/images/arrows-2x.png]
[s2.wp.com/wp-content/mu-plugins/carousel/images/carousel-spritee4da.png]
[s2.wp.com/wp-content/mu-plugins/carousel/images/carousel-sprite-2xe4da.png]
[s2.wp.com/_static/index24b3.html]
[s0.wp.com/_static/indexbcb0.html]
[s0.wp.com/wp-content/mu-plugins/highlander-comments/images/postto-buttons.png]
[s0.wp.com/wp-content/mu-plugins/highlander-comments/images/button-back.gif]
[s0.wp.com/wp-content/mu-plugins/highlander-comments/images/button-back-over.gif]
[s0.wp.com/wp-content/mu-plugins/highlander-comments/images/loader.gif]
[s0.wp.com/wp-content/mu-plugins/highlander-comments/style6f5b.css]
[pain2d799069443.wordpress.com/xmlrpc.php]
[s0.wp.com/i/blank.jpg]
[cdn.ampproject.org/v0.js]
[s2.wp.com/wp-content/plugins/amp-1.4/assets/images/placeholder-icon.png]
[pain2d799069443.wordpress.com/2020/11/01/example-post-3/amp/social-logosc8bb.eot]
[pain2d799069443.wordpress.com/2020/11/01/example-post-3/amp/social-logosc8bb.ttf]
[pixel.wp.com/b40dd.gif]
[pixel.wp.com/b413e.gif]
[pain2d799069443.wordpress.com/2020/11/01/example-post-3/amp/index.html]
[pain2d799069443.wordpress.com/category/allgemein/index.html]
[pain2d799069443.wordpress.com/2020/11/01/example-post-2/amp/social-logos.27c8bb.delayed]
[pain2d799069443.wordpress.com/category/allgemein/feed/index.html]
[pain2d799069443.wordpress.com/2020/11/01/example-post-2/amp/social-logosc8bb.ttf]
[pixel.wp.com/bfd85.gif]
[pixel.wp.com/b8cfa.gif]
[pain2d799069443.wordpress.com/2020/11/01/example-post-2/amp/index.html]
[pain2d799069443.wordpress.com/2020/11/01/example-post/amp/social-logosc8bb.eot]
[pain2d799069443.wordpress.com/2020/11/01/example-post/amp/social-logosc8bb.ttf]
[pixel.wp.com/bff41.gif]
[pixel.wp.com/bed61.gif]
[pain2d799069443.wordpress.com/2020/11/01/example-post/amp/index.html]
[s0.wp.com/wp-content/themes/h4/global21a2.css]
[pain2d799069443.wordpress.com/2020/11/01/example-post-3/amp/social-logosc8bb.html]
[pain2d799069443.wordpress.com/2020/11/01/example-post-3/amp/social-logosc8bb-2.html]
[pain2d799069443.wordpress.com/2020/11/01/example-post-2/amp/social-logosc8bb.html]
[pain2d799069443.wordpress.com/2020/11/01/example-post-2/amp/social-logosc8bb-2.html]
[pain2d799069443.wordpress.com/2020/11/01/example-post/amp/social-logosc8bb.html]
[pain2d799069443.wordpress.com/2020/11/01/example-post/amp/social-logosc8bb-2.html]
